PS E:\ユーザー\ドキュメント\VSCode> jstat -gcutil -h5 51260 1000
  S0     S1     E      O      M     CCS    YGC     YGCT     FGC    FGCT     CGC    CGCT       GCT
     -   0.39   0.00  61.57  49.88   9.42     26     0.028     0     0.000     0     0.000     0.028
     -   0.20   0.00  24.07  49.88   9.42     27     0.029     0     0.000     0     0.000     0.029
     -   0.20   0.00  99.07  49.88   9.42     27     0.029     0     0.000     0     0.000     0.029
     -   0.39   0.00  69.07  49.88   9.42     28     0.030     0     0.000     0     0.000     0.030
     -   0.20   0.00  39.07  49.88   9.42     29     0.030     0     0.000     0     0.000     0.030
  S0     S1     E      O      M     CCS    YGC     YGCT     FGC    FGCT     CGC    CGCT       GCT
     -   0.20   0.00   9.07  49.88   9.42     30     0.031     0     0.000     0     0.000     0.031
     -   0.20   0.00  84.07  49.88   9.42     30     0.031     0     0.000     0     0.000     0.031
     -   0.20   0.00  54.07  49.88   9.42     31     0.032     0     0.000     0     0.000     0.032
     -   0.20   0.00  16.57  49.88   9.42     32     0.033     0     0.000     0     0.000     0.033
     -   0.20   0.00  91.57  49.88   9.42     32     0.033     0     0.000     0     0.000     0.033
  S0     S1     E      O      M     CCS    YGC     YGCT     FGC    FGCT     CGC    CGCT       GCT   
     -   0.20   0.00  61.57  49.88   9.42     33     0.034     0     0.000     0     0.000     0.034
     -   0.20   0.00  31.57  49.88   9.42     34     0.035     0     0.000     0     0.000     0.035
     -   0.20   0.00  99.14  49.88   9.42     34     0.035     0     0.000     0     0.000     0.035
     -   0.20   0.00  76.57  49.88   9.42     35     0.035     0     0.000     0     0.000     0.035
     -   0.20   0.00  46.57  49.88   9.42     36     0.036     0     0.000     0     0.000     0.036
  S0     S1     E      O      M     CCS    YGC     YGCT     FGC    FGCT     CGC    CGCT       GCT   
     -   0.20   0.00  16.57  49.88   9.42     37     0.037     0     0.000     0     0.000     0.037
     -   0.20   0.00  91.57  49.88   9.42     37     0.037     0     0.000     0     0.000     0.037
     -   0.20   0.00  61.57  49.88   9.42     38     0.038     0     0.000     0     0.000     0.038
     -   0.20   0.00  31.57  49.88   9.42     39     0.039     0     0.000     0     0.000     0.039
     -   0.20   0.00  99.14  49.88   9.42     39     0.039     0     0.000     0     0.000     0.039
  S0     S1     E      O      M     CCS    YGC     YGCT     FGC    FGCT     CGC    CGCT       GCT   
     -   0.20   0.00  76.57  49.88   9.42     40     0.040     0     0.000     0     0.000     0.040
     -   0.20   0.00  46.57  49.99   9.42     41     0.041     0     0.000     0     0.000     0.041
     -   0.39   0.00  16.57  49.99   9.42     42     0.042     0     0.000     0     0.000     0.042
     -   0.39   0.00  84.07  49.99   9.42     42     0.042     0     0.000     0     0.000     0.042
     -   0.20   0.00  54.07  49.99   9.42     43     0.043     0     0.000     0     0.000     0.043
  S0     S1     E      O      M     CCS    YGC     YGCT     FGC    FGCT     CGC    CGCT       GCT   
     -   0.39   0.00  24.07  49.99   9.42     44     0.044     0     0.000     0     0.000     0.044
     -   0.39   0.00  99.07  49.99   9.42     44     0.044     0     0.000     0     0.000     0.044
     -   0.39   0.00  69.07  49.99   9.42     45     0.045     0     0.000     0     0.000     0.045
     -   0.20   0.00  39.07  49.99   9.42     46     0.046     0     0.000     0     0.000     0.046
     -   0.39   0.00   9.07  49.99   9.42     47     0.047     0     0.000     0     0.000     0.047
  S0     S1     E      O      M     CCS    YGC     YGCT     FGC    FGCT     CGC    CGCT       GCT   
     -   0.39   0.00  84.07  49.99   9.42     47     0.047     0     0.000     0     0.000     0.047
     -   0.20   0.00  54.07  49.99   9.42     48     0.048     0     0.000     0     0.000     0.048
     -   0.20   0.00  24.07  49.99   9.42     49     0.049     0     0.000     0     0.000     0.049
     -   0.20   0.00  99.07  49.99   9.42     49     0.049     0     0.000     0     0.000     0.049
     -   0.20   0.00  69.07  49.99   9.42     50     0.050     0     0.000     0     0.000     0.050
  S0     S1     E      O      M     CCS    YGC     YGCT     FGC    FGCT     CGC    CGCT       GCT   
     -   0.20   0.00  39.07  49.99   9.42     51     0.050     0     0.000     0     0.000     0.050
     -   0.20   0.00  99.14  49.99   9.42     51     0.050     0     0.000     0     0.000     0.050
     -   0.39   0.00  76.57  49.99   9.42     52     0.051     0     0.000     0     0.000     0.051
     -   0.20   0.00  46.57  49.99   9.42     53     0.052     0     0.000     0     0.000     0.052
     -   0.20   0.00  16.57  49.99   9.42     54     0.053     0     0.000     0     0.000     0.053
  S0     S1     E      O      M     CCS    YGC     YGCT     FGC    FGCT     CGC    CGCT       GCT   
     -   0.20   0.00  91.57  49.99   9.42     54     0.053     0     0.000     0     0.000     0.053
     -   0.20   0.00  61.57  49.99   9.42     55     0.054     0     0.000     0     0.000     0.054
     -   0.20   0.00  31.57  49.99   9.42     56     0.055     0     0.000     0     0.000     0.055
     -   0.20   0.00  99.14  49.99   9.42     56     0.055     0     0.000     0     0.000     0.055
     -   0.20   0.00  76.58  49.99   9.42     57     0.056     0     0.000     0     0.000     0.056
  S0     S1     E      O      M     CCS    YGC     YGCT     FGC    FGCT     CGC    CGCT       GCT   
     -   0.20   0.00  46.58  49.99   9.42     58     0.057     0     0.000     0     0.000     0.057
     -   0.20   0.00  16.58  49.99   9.42     59     0.058     0     0.000     0     0.000     0.058
     -   0.20   0.00  91.58  49.99   9.42     59     0.058     0     0.000     0     0.000     0.058
     -   0.20   0.00  61.58  49.99   9.42     60     0.058     0     0.000     0     0.000     0.058
     -   0.20   0.00  31.58  49.99   9.42     61     0.059     0     0.000     0     0.000     0.059
  S0     S1     E      O      M     CCS    YGC     YGCT     FGC    FGCT     CGC    CGCT       GCT   
     -   0.20   0.00  99.14  49.99   9.42     61     0.059     0     0.000     0     0.000     0.059
     -   0.20   0.00  76.58  49.99   9.42     62     0.060     0     0.000     0     0.000     0.060
     -   0.20   0.00  39.08  49.99   9.42     63     0.061     0     0.000     0     0.000     0.061
     -   0.20   0.00   9.08  49.99   9.42     64     0.062     0     0.000     0     0.000     0.062
     -   0.20   0.00  84.08  49.99   9.42     64     0.062     0     0.000     0     0.000     0.062
  S0     S1     E      O      M     CCS    YGC     YGCT     FGC    FGCT     CGC    CGCT       GCT   
     -   0.20   0.00  54.08  49.99   9.42     65     0.065     0     0.000     0     0.000     0.065
     -   0.20   0.00  24.08  49.99   9.42     66     0.066     0     0.000     0     0.000     0.066
     -   0.20   0.00  99.08  49.99   9.42     66     0.066     0     0.000     0     0.000     0.066
     -   0.20   0.00  69.08  49.99   9.42     67     0.067     0     0.000     0     0.000     0.067
     -   0.20   0.00  39.08  49.99   9.42     68     0.068     0     0.000     0     0.000     0.068
  S0     S1     E      O      M     CCS    YGC     YGCT     FGC    FGCT     CGC    CGCT       GCT   
     -   0.20   0.00   9.08  49.99   9.42     69     0.069     0     0.000     0     0.000     0.069
     -   0.20   0.00  84.08  49.99   9.42     69     0.069     0     0.000     0     0.000     0.069
     -   0.20   0.00  54.08  49.99   9.42     70     0.070     0     0.000     0     0.000     0.070
     -   0.20   0.00  16.58  49.99   9.42     71     0.071     0     0.000     0     0.000     0.071
     -   0.20   0.00  91.58  49.99   9.42     71     0.071     0     0.000     0     0.000     0.071
  S0     S1     E      O      M     CCS    YGC     YGCT     FGC    FGCT     CGC    CGCT       GCT   
     -   0.20   0.00  61.58  49.99   9.42     72     0.072     0     0.000     0     0.000     0.072
     -   0.20   0.00  31.58  49.99   9.42     73     0.073     0     0.000     0     0.000     0.073
     -   0.20   0.00  99.14  49.99   9.42     73     0.073     0     0.000     0     0.000     0.073
     -   0.20   0.00  76.58  49.99   9.42     74     0.074     0     0.000     0     0.000     0.074
     -   0.20   0.00  46.58  49.99   9.42     75     0.074     0     0.000     0     0.000     0.074
  S0     S1     E      O      M     CCS    YGC     YGCT     FGC    FGCT     CGC    CGCT       GCT   
     -   0.20   0.00  16.58  49.99   9.42     76     0.075     0     0.000     0     0.000     0.075
     -   0.20   0.00  91.58  49.99   9.42     76     0.075     0     0.000     0     0.000     0.075
     -   0.20   0.00  61.58  49.99   9.42     77     0.076     0     0.000     0     0.000     0.076
     -   0.20   0.00  31.58  49.99   9.42     78     0.077     0     0.000     0     0.000     0.077
     -   0.20   0.00  99.14  49.99   9.42     78     0.077     0     0.000     0     0.000     0.077
  S0     S1     E      O      M     CCS    YGC     YGCT     FGC    FGCT     CGC    CGCT       GCT   
     -   0.20   0.00  76.58  49.99   9.42     79     0.077     0     0.000     0     0.000     0.077
     -   0.20   0.00  46.58  49.99   9.42     80     0.078     0     0.000     0     0.000     0.078
     -   0.20   0.00   9.08  49.99   9.42     81     0.079     0     0.000     0     0.000     0.079
     -   0.20   0.00  84.08  49.99   9.42     81     0.079     0     0.000     0     0.000     0.079
     -   0.20   0.00  54.08  49.99   9.42     82     0.080     0     0.000     0     0.000     0.080
  S0     S1     E      O      M     CCS    YGC     YGCT     FGC    FGCT     CGC    CGCT       GCT   
     -   0.20   0.00  24.08  49.99   9.42     83     0.081     0     0.000     0     0.000     0.081
     -   0.20   0.00  99.08  49.99   9.42     83     0.081     0     0.000     0     0.000     0.081
     -   0.39   0.00  69.08  49.99   9.42     84     0.081     0     0.000     0     0.000     0.081
     -   0.20   0.00  39.08  49.99   9.42     85     0.082     0     0.000     0     0.000     0.082
     -   0.39   0.00   9.08  49.99   9.42     86     0.083     0     0.000     0     0.000     0.083
  S0     S1     E      O      M     CCS    YGC     YGCT     FGC    FGCT     CGC    CGCT       GCT   
     -   0.39   0.00  84.08  49.99   9.42     86     0.083     0     0.000     0     0.000     0.083
     -   0.20   0.00  54.08  49.99   9.42     87     0.084     0     0.000     0     0.000     0.084
     -   0.20   0.00  24.08  49.99   9.42     88     0.085     0     0.000     0     0.000     0.085
     -   0.20   0.00  99.08  49.99   9.42     88     0.085     0     0.000     0     0.000     0.085
     -   0.39   0.00  69.08  49.99   9.42     89     0.086     0     0.000     0     0.000     0.086
  S0     S1     E      O      M     CCS    YGC     YGCT     FGC    FGCT     CGC    CGCT       GCT   
     -   0.20   0.00  31.58  49.99   9.42     90     0.087     0     0.000     0     0.000     0.087
     -   0.20   0.00  99.14  49.99   9.42     90     0.087     0     0.000     0     0.000     0.087
     -   0.39   0.00  76.58  49.99   9.42     91     0.088     0     0.000     0     0.000     0.088
     -   0.39   0.00  46.58  49.99   9.42     92     0.089     0     0.000     0     0.000     0.089
     -   0.39   0.00  16.58  49.99   9.42     93     0.090     0     0.000     0     0.000     0.090
  S0     S1     E      O      M     CCS    YGC     YGCT     FGC    FGCT     CGC    CGCT       GCT
     -   0.39   0.00  91.58  49.99   9.42     93     0.090     0     0.000     0     0.000     0.090
     -   0.20   0.00  61.58  49.99   9.42     94     0.091     0     0.000     0     0.000     0.091
     -   0.20   0.00  31.58  49.99   9.42     95     0.092     0     0.000     0     0.000     0.092
     -   0.20   0.00  99.14  49.99   9.42     95     0.092     0     0.000     0     0.000     0.092
     -   0.20   0.00  76.58  49.99   9.42     96     0.093     0     0.000     0     0.000     0.093
  S0     S1     E      O      M     CCS    YGC     YGCT     FGC    FGCT     CGC    CGCT       GCT
     -   0.20   0.00  46.58  49.99   9.42     97     0.094     0     0.000     0     0.000     0.094
     -   0.20   0.00   9.08  49.99   9.42     98     0.095     0     0.000     0     0.000     0.095
     -   0.20   0.00  84.08  49.99   9.42     98     0.095     0     0.000     0     0.000     0.095
     -   0.20   0.00  54.08  49.99   9.42     99     0.095     0     0.000     0     0.000     0.095
     -   0.20   0.00  24.08  49.99   9.42    100     0.096     0     0.000     0     0.000     0.096
  S0     S1     E      O      M     CCS    YGC     YGCT     FGC    FGCT     CGC    CGCT       GCT
     -   0.20   0.00  99.08  49.99   9.42    100     0.096     0     0.000     0     0.000     0.096
     -   0.20   0.00  69.08  49.99   9.42    101     0.097     0     0.000     0     0.000     0.097
     -   0.20   0.00  39.08  49.99   9.42    102     0.098     0     0.000     0     0.000     0.098
     -   0.20   0.00   9.08  49.99   9.42    103     0.099     0     0.000     0     0.000     0.099
     -   0.20   0.00  84.08  49.99   9.42    103     0.099     0     0.000     0     0.000     0.099
  S0     S1     E      O      M     CCS    YGC     YGCT     FGC    FGCT     CGC    CGCT       GCT
     -   0.20   0.00  54.08  49.99   9.42    104     0.100     0     0.000     0     0.000     0.100
     -   0.20   0.00  24.08  49.99   9.42    105     0.101     0     0.000     0     0.000     0.101
     -   0.20   0.00  99.08  49.99   9.42    105     0.101     0     0.000     0     0.000     0.101
     -   0.20   0.00  69.08  49.99   9.42    106     0.102     0     0.000     0     0.000     0.102
     -   0.20   0.00  39.08  49.99   9.42    107     0.102     0     0.000     0     0.000     0.102
  S0     S1     E      O      M     CCS    YGC     YGCT     FGC    FGCT     CGC    CGCT       GCT
     -   0.20   0.00  99.15  49.99   9.42    107     0.102     0     0.000     0     0.000     0.102
     -   0.20   0.00  76.58  49.99   9.42    108     0.103     0     0.000     0     0.000     0.103
     -   0.20   0.00  46.58  49.99   9.42    109     0.104     0     0.000     0     0.000     0.104
     -   0.20   0.00  16.58  49.99   9.42    110     0.105     0     0.000     0     0.000     0.105
     -   0.20   0.00  91.58  49.99   9.42    110     0.105     0     0.000     0     0.000     0.105
  S0     S1     E      O      M     CCS    YGC     YGCT     FGC    FGCT     CGC    CGCT       GCT   
     -   0.20   0.00  61.58  49.99   9.42    111     0.106     0     0.000     0     0.000     0.106
     -   0.20   0.00  31.58  49.99   9.42    112     0.106     0     0.000     0     0.000     0.106
     -   0.20   0.00  99.15  49.99   9.42    112     0.106     0     0.000     0     0.000     0.106
     -   0.20   0.00  76.58  49.99   9.42    113     0.107     0     0.000     0     0.000     0.107
     -   0.20   0.00  46.58  49.99   9.42    114     0.108     0     0.000     0     0.000     0.108
  S0     S1     E      O      M     CCS    YGC     YGCT     FGC    FGCT     CGC    CGCT       GCT   
     -   0.20   0.00   9.08  49.99   9.42    115     0.109     0     0.000     0     0.000     0.109
     -   0.20   0.00  84.08  49.99   9.42    115     0.109     0     0.000     0     0.000     0.109
     -   0.20   0.00  54.08  49.99   9.42    116     0.110     0     0.000     0     0.000     0.110
     -   0.20   0.00  24.08  49.99   9.42    117     0.111     0     0.000     0     0.000     0.111
     -   0.20   0.00  99.08  49.99   9.42    117     0.111     0     0.000     0     0.000     0.111
  S0     S1     E      O      M     CCS    YGC     YGCT     FGC    FGCT     CGC    CGCT       GCT   
     -   0.20   0.00  69.08  49.99   9.42    118     0.112     0     0.000     0     0.000     0.112
     -   0.20   0.00  39.08  49.99   9.42    119     0.113     0     0.000     0     0.000     0.113
     -   0.20   0.00   9.08  49.99   9.42    120     0.114     0     0.000     0     0.000     0.114
     -   0.20   0.00  84.08  49.99   9.42    120     0.114     0     0.000     0     0.000     0.114
     -   0.20   0.00  54.08  49.99   9.42    121     0.115     0     0.000     0     0.000     0.115
  S0     S1     E      O      M     CCS    YGC     YGCT     FGC    FGCT     CGC    CGCT       GCT   
     -   0.20   0.00  24.08  49.99   9.42    122     0.116     0     0.000     0     0.000     0.116
     -   0.20   0.00  99.08  49.99   9.42    122     0.116     0     0.000     0     0.000     0.116
     -   0.20   0.00  69.08  49.99   9.42    123     0.117     0     0.000     0     0.000     0.117
     -   0.20   0.00  39.08  49.99   9.42    124     0.118     0     0.000     0     0.000     0.118
     -   0.20   0.00   9.08  49.99   9.42    125     0.119     0     0.000     0     0.000     0.119
  S0     S1     E      O      M     CCS    YGC     YGCT     FGC    FGCT     CGC    CGCT       GCT   
     -   0.20   0.00  84.08  49.99   9.42    125     0.119     0     0.000     0     0.000     0.119
     -   0.20   0.00  46.58  49.99   9.42    126     0.120     0     0.000     0     0.000     0.120
     -   0.20   0.00  16.58  49.99   9.42    127     0.122     0     0.000     0     0.000     0.122
     -   0.20   0.00  91.58  49.99   9.42    127     0.122     0     0.000     0     0.000     0.122
     -   0.20   0.00  61.58  49.99   9.42    128     0.123     0     0.000     0     0.000     0.123